------------------------------------------------------------
Timing Analyzer Summary
------------------------------------------------------------

Type  : Slow 1100mV 85C Model Setup 'CLOCK_50'
Slack : -13.721
TNS   : -44775.069

Type  : Slow 1100mV 85C Model Setup 'ascii_master_controller:controller|vga_controller:controller|clock_divider:clock|clk_25'
Slack : -2.861
TNS   : -106.018

Type  : Slow 1100mV 85C Model Hold 'CLOCK_50'
Slack : 0.239
TNS   : 0.000

Type  : Slow 1100mV 85C Model Hold 'ascii_master_controller:controller|vga_controller:controller|clock_divider:clock|clk_25'
Slack : 0.563
TNS   : 0.000

Type  : Slow 1100mV 85C Model Recovery 'CLOCK_50'
Slack : -3.215
TNS   : -452.159

Type  : Slow 1100mV 85C Model Removal 'CLOCK_50'
Slack : 1.336
TNS   : 0.000

Type  : Slow 1100mV 85C Model Minimum Pulse Width 'CLOCK_50'
Slack : -2.174
TNS   : -38458.449

Type  : Slow 1100mV 85C Model Minimum Pulse Width 'ascii_master_controller:controller|vga_controller:controller|clock_divider:clock|clk_25'
Slack : -0.394
TNS   : -23.517

Type  : Slow 1100mV 0C Model Setup 'CLOCK_50'
Slack : -13.637
TNS   : -43091.765

Type  : Slow 1100mV 0C Model Setup 'ascii_master_controller:controller|vga_controller:controller|clock_divider:clock|clk_25'
Slack : -2.774
TNS   : -105.277

Type  : Slow 1100mV 0C Model Hold 'CLOCK_50'
Slack : -0.093
TNS   : -0.093

Type  : Slow 1100mV 0C Model Hold 'ascii_master_controller:controller|vga_controller:controller|clock_divider:clock|clk_25'
Slack : 0.571
TNS   : 0.000

Type  : Slow 1100mV 0C Model Recovery 'CLOCK_50'
Slack : -3.104
TNS   : -437.245

Type  : Slow 1100mV 0C Model Removal 'CLOCK_50'
Slack : 1.258
TNS   : 0.000

Type  : Slow 1100mV 0C Model Minimum Pulse Width 'CLOCK_50'
Slack : -2.174
TNS   : -38427.119

Type  : Slow 1100mV 0C Model Minimum Pulse Width 'ascii_master_controller:controller|vga_controller:controller|clock_divider:clock|clk_25'
Slack : -0.394
TNS   : -23.209

Type  : Fast 1100mV 85C Model Setup 'CLOCK_50'
Slack : -7.988
TNS   : -26008.642

Type  : Fast 1100mV 85C Model Setup 'ascii_master_controller:controller|vga_controller:controller|clock_divider:clock|clk_25'
Slack : -1.286
TNS   : -46.939

Type  : Fast 1100mV 85C Model Hold 'CLOCK_50'
Slack : 0.178
TNS   : 0.000

Type  : Fast 1100mV 85C Model Hold 'ascii_master_controller:controller|vga_controller:controller|clock_divider:clock|clk_25'
Slack : 0.220
TNS   : 0.000

Type  : Fast 1100mV 85C Model Recovery 'CLOCK_50'
Slack : -1.688
TNS   : -224.308

Type  : Fast 1100mV 85C Model Removal 'CLOCK_50'
Slack : 0.786
TNS   : 0.000

Type  : Fast 1100mV 85C Model Minimum Pulse Width 'CLOCK_50'
Slack : -2.174
TNS   : -37643.530

Type  : Fast 1100mV 85C Model Minimum Pulse Width 'ascii_master_controller:controller|vga_controller:controller|clock_divider:clock|clk_25'
Slack : 0.082
TNS   : 0.000

Type  : Fast 1100mV 0C Model Setup 'CLOCK_50'
Slack : -7.048
TNS   : -22293.333

Type  : Fast 1100mV 0C Model Setup 'ascii_master_controller:controller|vga_controller:controller|clock_divider:clock|clk_25'
Slack : -1.124
TNS   : -41.477

Type  : Fast 1100mV 0C Model Hold 'CLOCK_50'
Slack : -0.048
TNS   : -0.048

Type  : Fast 1100mV 0C Model Hold 'ascii_master_controller:controller|vga_controller:controller|clock_divider:clock|clk_25'
Slack : 0.203
TNS   : 0.000

Type  : Fast 1100mV 0C Model Recovery 'CLOCK_50'
Slack : -1.440
TNS   : -190.982

Type  : Fast 1100mV 0C Model Removal 'CLOCK_50'
Slack : 0.700
TNS   : 0.000

Type  : Fast 1100mV 0C Model Minimum Pulse Width 'CLOCK_50'
Slack : -2.174
TNS   : -37665.149

Type  : Fast 1100mV 0C Model Minimum Pulse Width 'ascii_master_controller:controller|vga_controller:controller|clock_divider:clock|clk_25'
Slack : 0.098
TNS   : 0.000

------------------------------------------------------------
