------------------------------------------------------------
Timing Analyzer Summary
------------------------------------------------------------

Type  : Slow 1100mV 85C Model Setup 'CLOCK_50'
Slack : -13.655
TNS   : -51348.610

Type  : Slow 1100mV 85C Model Setup 'ascii_master_controller:controller|vga_controller:controller|clock_divider:clock|clk_25'
Slack : -2.958
TNS   : -103.214

Type  : Slow 1100mV 85C Model Hold 'CLOCK_50'
Slack : 0.333
TNS   : 0.000

Type  : Slow 1100mV 85C Model Hold 'ascii_master_controller:controller|vga_controller:controller|clock_divider:clock|clk_25'
Slack : 0.461
TNS   : 0.000

Type  : Slow 1100mV 85C Model Recovery 'CLOCK_50'
Slack : -3.312
TNS   : -465.059

Type  : Slow 1100mV 85C Model Removal 'CLOCK_50'
Slack : 1.323
TNS   : 0.000

Type  : Slow 1100mV 85C Model Minimum Pulse Width 'CLOCK_50'
Slack : -2.174
TNS   : -38449.464

Type  : Slow 1100mV 85C Model Minimum Pulse Width 'ascii_master_controller:controller|vga_controller:controller|clock_divider:clock|clk_25'
Slack : -0.394
TNS   : -22.644

Type  : Slow 1100mV 0C Model Setup 'CLOCK_50'
Slack : -13.569
TNS   : -49244.938

Type  : Slow 1100mV 0C Model Setup 'ascii_master_controller:controller|vga_controller:controller|clock_divider:clock|clk_25'
Slack : -2.971
TNS   : -100.624

Type  : Slow 1100mV 0C Model Hold 'CLOCK_50'
Slack : -0.048
TNS   : -0.048

Type  : Slow 1100mV 0C Model Hold 'ascii_master_controller:controller|vga_controller:controller|clock_divider:clock|clk_25'
Slack : 0.472
TNS   : 0.000

Type  : Slow 1100mV 0C Model Recovery 'CLOCK_50'
Slack : -3.198
TNS   : -451.577

Type  : Slow 1100mV 0C Model Removal 'CLOCK_50'
Slack : 1.194
TNS   : 0.000

Type  : Slow 1100mV 0C Model Minimum Pulse Width 'CLOCK_50'
Slack : -2.174
TNS   : -38428.727

Type  : Slow 1100mV 0C Model Minimum Pulse Width 'ascii_master_controller:controller|vga_controller:controller|clock_divider:clock|clk_25'
Slack : -0.394
TNS   : -22.588

Type  : Fast 1100mV 85C Model Setup 'CLOCK_50'
Slack : -8.233
TNS   : -31124.073

Type  : Fast 1100mV 85C Model Setup 'ascii_master_controller:controller|vga_controller:controller|clock_divider:clock|clk_25'
Slack : -1.375
TNS   : -46.860

Type  : Fast 1100mV 85C Model Hold 'ascii_master_controller:controller|vga_controller:controller|clock_divider:clock|clk_25'
Slack : 0.175
TNS   : 0.000

Type  : Fast 1100mV 85C Model Hold 'CLOCK_50'
Slack : 0.177
TNS   : 0.000

Type  : Fast 1100mV 85C Model Recovery 'CLOCK_50'
Slack : -1.678
TNS   : -227.085

Type  : Fast 1100mV 85C Model Removal 'CLOCK_50'
Slack : 0.798
TNS   : 0.000

Type  : Fast 1100mV 85C Model Minimum Pulse Width 'CLOCK_50'
Slack : -2.174
TNS   : -37634.908

Type  : Fast 1100mV 85C Model Minimum Pulse Width 'ascii_master_controller:controller|vga_controller:controller|clock_divider:clock|clk_25'
Slack : 0.076
TNS   : 0.000

Type  : Fast 1100mV 0C Model Setup 'CLOCK_50'
Slack : -7.183
TNS   : -26674.505

Type  : Fast 1100mV 0C Model Setup 'ascii_master_controller:controller|vga_controller:controller|clock_divider:clock|clk_25'
Slack : -1.236
TNS   : -40.991

Type  : Fast 1100mV 0C Model Hold 'CLOCK_50'
Slack : -0.059
TNS   : -0.059

Type  : Fast 1100mV 0C Model Hold 'ascii_master_controller:controller|vga_controller:controller|clock_divider:clock|clk_25'
Slack : 0.158
TNS   : 0.000

Type  : Fast 1100mV 0C Model Recovery 'CLOCK_50'
Slack : -1.426
TNS   : -194.274

Type  : Fast 1100mV 0C Model Removal 'CLOCK_50'
Slack : 0.686
TNS   : 0.000

Type  : Fast 1100mV 0C Model Minimum Pulse Width 'CLOCK_50'
Slack : -2.174
TNS   : -37657.026

Type  : Fast 1100mV 0C Model Minimum Pulse Width 'ascii_master_controller:controller|vga_controller:controller|clock_divider:clock|clk_25'
Slack : 0.093
TNS   : 0.000

------------------------------------------------------------
